// Jest Snapshot v1, https://goo.gl/fbAQLP

exports[`Line handles a simple subtitle 1`] = `
<h2>
  goodbye
</h2>
`;

exports[`Line handles a simple title 1`] = `
<h1>
  Hello world
</h1>
`;

exports[`Line handles simple text 1`] = `
<p>
  idk why you say goodbye
</p>
`;
