// Jest Snapshot v1, https://goo.gl/fbAQLP

exports[`lexer detects lists 1`] = `
Object {
  "col": 1,
  "line": 1,
  "lineBreaks": 2,
  "offset": 0,
  "text": "
    * hello
",
  "toString": [Function],
  "type": "UnorderedList",
  "value": "
    * hello
",
}
`;
